日志目录已创建
  过滤: 5 → 0
  过滤: 11 → 7
  过滤: 8 → 8
  过滤: 10 → 10
  过滤: 6 → 3
  过滤: 12 → 10
  过滤: 11 → 11
  过滤: 7 → 6
  过滤: 10 → 10
  过滤: 9 → 9
  过滤: 11 → 9
  过滤: 11 → 10
  过滤: 4 → 3
搜索: 人工智能 AI 最新新闻
搜索: 科技新闻 最新动态
搜索: AI 大模型 科技
搜索: 人工智能 行业资讯
搜索: 芯片半导体 最新动态
搜索: 新能源汽车 科技
搜索: 人形机器人 产业
搜索: 液冷服务器 散热
搜索: 智能制造 工业互联网
搜索: 量子计算 突破
搜索: 生物科技 医药
搜索: 5G 6G 通信技术
搜索: 云计算 数据中心
共找到 92 条新闻
去重后: 58 条
正在为前5条新闻生成AI分析...

消息总长度: 3197 字符 (6913 字节)
消息超过 3000 字节，正在拆分成多条...
已拆分为 3 条消息
  保存: /root/.openclaw/workspace/temp/latest-news-1.md (1329 字符)
  保存: /root/.openclaw/workspace/temp/latest-news-2.md (1305 字符)
  保存: /root/.openclaw/workspace/temp/latest-news-3.md (566 字符)

索引文件已保存: /root/.openclaw/workspace/temp/latest-news-index.json



推送完成，已更新状态文件
科技新闻推送完成 - Mon Mar  2 09:51:17 PM CST 2026
  过滤: 5 → 0
  过滤: 11 → 0
  过滤: 11 → 11
  过滤: 11 → 10
  过滤: 11 → 11
  过滤: 8 → 6
  过滤: 11 → 11
  过滤: 9 → 9
  过滤: 10 → 10
  过滤: 10 → 10
  过滤: 11 → 10
  过滤: 11 → 10
  过滤: 3 → 2
搜索: 人工智能 AI 最新新闻
搜索: 科技新闻 最新动态
搜索: AI 大模型 科技
搜索: 人工智能 行业资讯
搜索: 芯片半导体 最新动态
搜索: 新能源汽车 科技
搜索: 人形机器人 产业
搜索: 液冷服务器 散热
搜索: 智能制造 工业互联网
搜索: 量子计算 突破
搜索: 生物科技 医药
搜索: 5G 6G 通信技术
搜索: 云计算 数据中心
共找到 93 条新闻
去重后: 50 条
正在为前5条新闻生成AI分析...

消息总长度: 3374 字符 (7088 字节)
消息超过 3000 字节，正在拆分成多条...
已拆分为 3 条消息
  保存: /root/.openclaw/workspace/temp/latest-news-1.md (1376 字符)
  保存: /root/.openclaw/workspace/temp/latest-news-2.md (1145 字符)
  保存: /root/.openclaw/workspace/temp/latest-news-3.md (856 字符)

索引文件已保存: /root/.openclaw/workspace/temp/latest-news-index.json



推送完成，已更新状态文件
科技新闻推送完成 - Mon Mar  2 10:37:40 PM CST 2026
搜索失败: 
搜索失败: 
搜索失败: 
搜索失败: 
搜索失败: 
搜索失败: 
搜索失败: 
搜索失败: 
搜索失败: 
搜索失败: 
搜索失败: 
搜索失败: 
搜索失败: 
搜索: 人工智能 AI 最新新闻
搜索: 科技新闻 最新动态
搜索: AI 大模型 科技
搜索: 人工智能 行业资讯
搜索: 芯片半导体 最新动态
搜索: 新能源汽车 科技
搜索: 人形机器人 产业
搜索: 液冷服务器 散热
搜索: 智能制造 工业互联网
搜索: 量子计算 突破
搜索: 生物科技 医药
搜索: 5G 6G 通信技术
搜索: 云计算 数据中心
没有找到新闻



推送完成，已更新状态文件
科技新闻推送完成 - Tue Mar  3 12:00:22 AM CST 2026
搜索失败: 
搜索失败: 
搜索失败: 
搜索失败: 
搜索失败: 
搜索失败: 
搜索失败: 
搜索失败: 
搜索失败: 
搜索失败: 
搜索失败: 
搜索失败: 
搜索失败: 
搜索: 人工智能 AI 最新新闻
搜索: 科技新闻 最新动态
搜索: AI 大模型 科技
搜索: 人工智能 行业资讯
搜索: 芯片半导体 最新动态
搜索: 新能源汽车 科技
搜索: 人形机器人 产业
搜索: 液冷服务器 散热
搜索: 智能制造 工业互联网
搜索: 量子计算 突破
搜索: 生物科技 医药
搜索: 5G 6G 通信技术
搜索: 云计算 数据中心
没有找到新闻



推送完成，已更新状态文件
科技新闻推送完成 - Tue Mar  3 12:00:22 PM CST 2026
