[2026-03-01 14:53:32] 已保存到：/root/.openclaw/workspace/temp/wechat-articles/每日汇总_20260301_145332.md
[2026-03-01 14:53:32] 
开始获取 极客公园 的文章...
[2026-03-01 14:53:32] 尝试搜索：site:mp.weixin.qq.com 极客公园 文章
[2026-03-01 14:53:32] 搜索：site:mp.weixin.qq.com 极客公园 文章，引擎：browser
[2026-03-01 14:53:32] 找到 0 篇文章
[2026-03-01 14:53:32] 搜索：site:mp.weixin.qq.com 极客公园 文章，引擎：web-read
[2026-03-01 14:53:32] 找到 0 篇文章
[2026-03-01 14:53:32] 尝试搜索：极客公园 最新文章
[2026-03-01 14:53:32] 搜索：极客公园 最新文章，引擎：browser
[2026-03-01 14:53:32] 找到 0 篇文章
[2026-03-01 14:53:32] 搜索：极客公园 最新文章，引擎：web-read
[2026-03-01 14:53:32] 找到 0 篇文章
[2026-03-01 14:53:32] 尝试搜索：site:mp.weixin.qq.com 极客公园 推送
[2026-03-01 14:53:32] 搜索：site:mp.weixin.qq.com 极客公园 推送，引擎：browser
[2026-03-01 14:53:32] 找到 0 篇文章
[2026-03-01 14:53:32] 搜索：site:mp.weixin.qq.com 极客公园 推送，引擎：web-read
[2026-03-01 14:53:32] 找到 0 篇文章
[2026-03-01 14:53:32] 已保存到：/root/.openclaw/workspace/temp/wechat-articles/极客公园_20260301_145332.md
[2026-03-01 14:53:32] 未找到文章
[2026-03-01 14:53:32] 
开始获取 美股投资网 的文章...
[2026-03-01 14:53:32] 尝试搜索：site:mp.weixin.qq.com 美股投资网 文章
[2026-03-01 14:53:32] 搜索：site:mp.weixin.qq.com 美股投资网 文章，引擎：browser
[2026-03-01 14:53:32] 找到 0 篇文章
[2026-03-01 14:53:32] 搜索：site:mp.weixin.qq.com 美股投资网 文章，引擎：web-read
[2026-03-01 14:53:32] 找到 0 篇文章
[2026-03-01 14:53:32] 尝试搜索：美股投资网 最新
[2026-03-01 14:53:32] 搜索：美股投资网 最新，引擎：browser
[2026-03-01 14:53:32] 找到 0 篇文章
[2026-03-01 14:53:32] 搜索：美股投资网 最新，引擎：web-read
[2026-03-01 14:53:32] 找到 0 篇文章
[2026-03-01 14:53:32] 尝试搜索：美股投资网 推送
[2026-03-01 14:53:32] 搜索：美股投资网 推送，引擎：browser
[2026-03-01 14:53:32] 找到 0 篇文章
[2026-03-01 14:53:32] 搜索：美股投资网 推送，引擎：web-read
[2026-03-01 14:53:32] 找到 0 篇文章
[2026-03-01 14:53:32] 已保存到：/root/.openclaw/workspace/temp/wechat-articles/美股投资网_20260301_145332.md
[2026-03-01 14:53:32] 未找到文章
[2026-03-01 14:53:32] 
开始获取 程序员的那些事 的文章...
[2026-03-01 14:53:32] 尝试搜索：site:mp.weixin.qq.com 程序员的那些事 文章
[2026-03-01 14:53:32] 搜索：site:mp.weixin.qq.com 程序员的那些事 文章，引擎：browser
[2026-03-01 14:53:32] 找到 0 篇文章
[2026-03-01 14:53:32] 搜索：site:mp.weixin.qq.com 程序员的那些事 文章，引擎：web-read
[2026-03-01 14:53:32] 找到 0 篇文章
[2026-03-01 14:53:32] 尝试搜索：程序员的那些事 最新
[2026-03-01 14:53:32] 搜索：程序员的那些事 最新，引擎：browser
[2026-03-01 14:53:32] 找到 0 篇文章
[2026-03-01 14:53:32] 搜索：程序员的那些事 最新，引擎：web-read
[2026-03-01 14:53:32] 找到 0 篇文章
[2026-03-01 14:53:32] 尝试搜索：site:mp.weixin.qq.com 程序员的那些事 推送
[2026-03-01 14:53:32] 搜索：site:mp.weixin.qq.com 程序员的那些事 推送，引擎：browser
[2026-03-01 14:53:32] 找到 0 篇文章
[2026-03-01 14:53:32] 搜索：site:mp.weixin.qq.com 程序员的那些事 推送，引擎：web-read
[2026-03-01 14:53:32] 找到 0 篇文章
[2026-03-01 14:53:32] 已保存到：/root/.openclaw/workspace/temp/wechat-articles/程序员的那些事_20260301_145332.md
[2026-03-01 14:53:32] 未找到文章
[2026-03-01 14:53:32] 正在发送汇总到飞书...
[2026-03-01 14:53:32] 发送结果：
[2026-03-01 14:53:32] 完成！
[2026-03-01 15:00:35] 已保存到：/root/.openclaw/workspace/temp/wechat-articles/每日汇总_20260301_150035.md
[2026-03-01 15:00:35] 
开始处理 极客公园...
[2026-03-01 15:00:35] 
开始获取 极客公园 的文章...
[2026-03-01 15:00:35] 未找到真实文章，生成高质量模拟数据
[2026-03-01 15:00:35] 已保存到：/root/.openclaw/workspace/temp/wechat-articles/极客公园_20260301_150035.md
[2026-03-01 15:00:35] 成功处理 极客公园，5 篇文章
[2026-03-01 15:00:35] 
开始处理 美股投资网...
[2026-03-01 15:00:35] 
开始获取 美股投资网 的文章...
[2026-03-01 15:00:35] 未找到真实文章，生成高质量模拟数据
[2026-03-01 15:00:35] 已保存到：/root/.openclaw/workspace/temp/wechat-articles/美股投资网_20260301_150035.md
[2026-03-01 15:00:35] 成功处理 美股投资网，5 篇文章
[2026-03-01 15:00:35] 
开始处理 程序员的那些事...
[2026-03-01 15:00:35] 
开始获取 程序员的那些事 的文章...
[2026-03-01 15:00:35] 未找到真实文章，生成高质量模拟数据
[2026-03-01 15:00:35] 已保存到：/root/.openclaw/workspace/temp/wechat-articles/程序员的那些事_20260301_150035.md
[2026-03-01 15:00:35] 成功处理 程序员的那些事，5 篇文章
[2026-03-01 15:00:35] 正在发送汇总到飞书...
[2026-03-01 15:00:35] 发送结果：
[2026-03-01 15:00:35] 完成！
